// Jest Snapshot v1, https://goo.gl/fbAQLP

exports[`<ComicCard /> deve dar match com o snapshot 1`] = `
<div
  class="comic-card"
>
  <div
    class="comic-img"
  >
    <img
      alt="Immortal Hulk (2018) #43"
      src="http://i.annihil.us/u/prod/marvel/i/mg/9/a0/6009e1e7e7ad7/portrait_incredible.jpg"
    />
  </div>
  <div
    class="comic-footer"
  >
    <span>
      <strong>
        Immortal Hulk (2018) #43
      </strong>
    </span>
  </div>
</div>
`;
